LOCK_ACQUIRED_EVENT_QUEUE
SIDEBAR_WORKAROUND_NOT_NEEDED
TREE_OK 245b7f6fb2ad8974a5c481359635f9fa50070caf local-only: 
Prepared iOS Swift file list: apps/ios/SwiftSources.input.xcfilelist
MAC verified OK
MAC verified OK
[ios-test-tls] generated the test-only listener identity
Apple Mermaid assets: verified cache hit
⚙️  Generating plists...
⚙️  Generating project...
⚙️  Writing project...
Created project at /Users/sanae/src/openclaw-pr-drawer-groups-20261008/apps/ios/OpenClaw.xcodeproj
PINNED_BASE 245b7f6fb2ad8974a5c481359635f9fa50070caf
PINNED_COMMIT 803a91530693a20be784a59b8983e473e66fbd4b
e8fb82aa39895e98f608cbb0736aea5e8e6f0b81d731da340b1f26fca2337e21  /tmp/drawer-groups-proof19/drawer-groups-rebased.patch
BASE_SWIFTLINT rc=2
== CURRENT BASE + fixture/test; expected missing header red
Prepared iOS Swift file list: apps/ios/SwiftSources.input.xcfilelist
MAC verified OK
MAC verified OK
[ios-test-tls] generated the test-only listener identity
Apple Mermaid assets: verified cache hit
⚙️  Generating plists...
⚙️  Generating project...
⚙️  Writing project...
Created project at /Users/sanae/src/openclaw-pr-drawer-groups-20261008/apps/ios/OpenClaw.xcodeproj
UI drawer-groups19-before-iphone rc=65
/Users/sanae/src/openclaw-pr-drawer-groups-20261008/apps/ios/Sources/Chat/AppleReviewDemoChatTransport.swift:894:33: error: cannot find type 'OpenClawSessionMenuConnection' in scope
/Users/sanae/src/openclaw-pr-drawer-groups-20261008/apps/ios/Sources/Chat/AppleReviewDemoChatTransport.swift:895:26: error: cannot find 'OpenClawSessionMenuConnection' in scope
/Users/sanae/src/openclaw-pr-drawer-groups-20261008/apps/ios/Sources/Chat/AppleReviewDemoChatTransport.swift:908:43: error: cannot find 'OpenClawGroupDefaultsBrowser' in scope
/Users/sanae/src/openclaw-pr-drawer-groups-20261008/apps/ios/Sources/Chat/AppleReviewDemoChatTransport.swift:910:40: error: cannot infer contextual base in reference to member 'git'
Testing failed:
EXPORT drawer-groups19-before-iphone rc=0 files=1
UI drawer-groups19-before-ipad rc=65
/Users/sanae/src/openclaw-pr-drawer-groups-20261008/apps/ios/Sources/Chat/AppleReviewDemoChatTransport.swift:894:33: error: cannot find type 'OpenClawSessionMenuConnection' in scope
/Users/sanae/src/openclaw-pr-drawer-groups-20261008/apps/ios/Sources/Chat/AppleReviewDemoChatTransport.swift:895:26: error: cannot find 'OpenClawSessionMenuConnection' in scope
/Users/sanae/src/openclaw-pr-drawer-groups-20261008/apps/ios/Sources/Chat/AppleReviewDemoChatTransport.swift:908:43: error: cannot find 'OpenClawGroupDefaultsBrowser' in scope
/Users/sanae/src/openclaw-pr-drawer-groups-20261008/apps/ios/Sources/Chat/AppleReviewDemoChatTransport.swift:910:40: error: cannot infer contextual base in reference to member 'git'
Testing failed:
EXPORT drawer-groups19-before-ipad rc=0 files=1
SIDEBAR_WORKAROUND_NOT_NEEDED
TREE_OK 245b7f6fb2ad8974a5c481359635f9fa50070caf local-only: 
== AFTER full final patch
Prepared iOS Swift file list: apps/ios/SwiftSources.input.xcfilelist
MAC verified OK
MAC verified OK
[ios-test-tls] generated the test-only listener identity
Apple Mermaid assets: verified cache hit
⚙️  Generating plists...
⚙️  Generating project...
⚙️  Writing project...
Created project at /Users/sanae/src/openclaw-pr-drawer-groups-20261008/apps/ios/OpenClaw.xcodeproj
UI drawer-groups19-after-iphone rc=0
testDrawerGroupHeaderControls passed (47.930 seconds).
testDrawerGroupHeaderFailedMutationKeepsError passed (11.018 seconds).
EXPORT drawer-groups19-after-iphone rc=0 files=14
SHOT /tmp/ios-pr/ui-drawer-groups19-after-iphone-shots/drawer-groups19-after-iphone--sessions-groups-collapsed.png
SHOT /tmp/ios-pr/ui-drawer-groups19-after-iphone-shots/drawer-groups19-after-iphone--sessions-groups-defaults.png
SHOT /tmp/ios-pr/ui-drawer-groups19-after-iphone-shots/drawer-groups19-after-iphone--sessions-groups-menu.png
SHOT /tmp/ios-pr/ui-drawer-groups19-after-iphone-shots/drawer-groups19-after-iphone--drawer-groups-new-session.png
SHOT /tmp/ios-pr/ui-drawer-groups19-after-iphone-shots/drawer-groups19-after-iphone--drawer-groups-reordered.png
SHOT /tmp/ios-pr/ui-drawer-groups19-after-iphone-shots/drawer-groups19-after-iphone--drawer-groups-pending.png
SHOT /tmp/ios-pr/ui-drawer-groups19-after-iphone-shots/drawer-groups19-after-iphone--drawer-groups-reexpanded.png
SHOT /tmp/ios-pr/ui-drawer-groups19-after-iphone-shots/drawer-groups19-after-iphone--drawer-groups-collapsed.png
SHOT /tmp/ios-pr/ui-drawer-groups19-after-iphone-shots/drawer-groups19-after-iphone--drawer-groups-defaults.png
SHOT /tmp/ios-pr/ui-drawer-groups19-after-iphone-shots/drawer-groups19-after-iphone--drawer-groups-menu.png
SHOT /tmp/ios-pr/ui-drawer-groups19-after-iphone-shots/drawer-groups19-after-iphone--drawer-groups-expanded.png
SHOT /tmp/ios-pr/ui-drawer-groups19-after-iphone-shots/drawer-groups19-after-iphone--drawer-groups-landing.png
SHOT /tmp/ios-pr/ui-drawer-groups19-after-iphone-shots/drawer-groups19-after-iphone--drawer-groups-failed-mutation.png
UI drawer-groups19-after-ipad rc=0
testDrawerGroupHeaderControls passed (50.479 seconds).
testDrawerGroupHeaderFailedMutationKeepsError passed (11.232 seconds).
EXPORT drawer-groups19-after-ipad rc=0 files=14
SHOT /tmp/ios-pr/ui-drawer-groups19-after-ipad-shots/drawer-groups19-after-ipad--sessions-groups-collapsed.png
SHOT /tmp/ios-pr/ui-drawer-groups19-after-ipad-shots/drawer-groups19-after-ipad--sessions-groups-defaults.png
SHOT /tmp/ios-pr/ui-drawer-groups19-after-ipad-shots/drawer-groups19-after-ipad--sessions-groups-menu.png
SHOT /tmp/ios-pr/ui-drawer-groups19-after-ipad-shots/drawer-groups19-after-ipad--drawer-groups-new-session.png
SHOT /tmp/ios-pr/ui-drawer-groups19-after-ipad-shots/drawer-groups19-after-ipad--drawer-groups-reordered.png
SHOT /tmp/ios-pr/ui-drawer-groups19-after-ipad-shots/drawer-groups19-after-ipad--drawer-groups-pending.png
SHOT /tmp/ios-pr/ui-drawer-groups19-after-ipad-shots/drawer-groups19-after-ipad--drawer-groups-reexpanded.png
SHOT /tmp/ios-pr/ui-drawer-groups19-after-ipad-shots/drawer-groups19-after-ipad--drawer-groups-collapsed.png
SHOT /tmp/ios-pr/ui-drawer-groups19-after-ipad-shots/drawer-groups19-after-ipad--drawer-groups-defaults.png
SHOT /tmp/ios-pr/ui-drawer-groups19-after-ipad-shots/drawer-groups19-after-ipad--drawer-groups-menu.png
SHOT /tmp/ios-pr/ui-drawer-groups19-after-ipad-shots/drawer-groups19-after-ipad--drawer-groups-expanded.png
SHOT /tmp/ios-pr/ui-drawer-groups19-after-ipad-shots/drawer-groups19-after-ipad--drawer-groups-landing.png
SHOT /tmp/ios-pr/ui-drawer-groups19-after-ipad-shots/drawer-groups19-after-ipad--drawer-groups-failed-mutation.png
	 Executed 61 tests, with 2 tests skipped and 0 failures (0 unexpected) in 0.192 (0.195) seconds
✔ Test run with 2300 tests in 194 suites passed after 31.522 seconds.
KIT rc=0
IOS_UNIT rc=0
✔ Test run with 29 tests in 2 suites passed after 2.030 seconds.
** TEST SUCCEEDED **
FORMAT rc=0
PATCHED_SWIFTLINT rc=2
SOURCE_SWIFTLINT rc=0
LINT_ATTRIBUTION base=9 patched=9 new=0
LINT_RULE apps/ios/Tests/OpenClawTypographyTests.swift force_try Error base 1 patched 1
LINT_RULE apps/ios/Tests/OpenClawTypographyTests.swift function_body_length Error base 1 patched 1
LINT_RULE apps/ios/Tests/OpenClawTypographyTests.swift optional_data_string_conversion Error base 1 patched 1
LINT_RULE apps/ios/UITests/OpenClawSnapshotUITests.swift empty_count Error base 2 patched 2
LINT_RULE apps/ios/UITests/OpenClawSnapshotUITests.swift file_length Error base 1 patched 1
LINT_RULE apps/ios/UITests/OpenClawSnapshotUITests.swift function_body_length Error base 2 patched 2
LINT_RULE apps/ios/UITests/OpenClawSnapshotUITests.swift type_body_length Error base 1 patched 1
LINT_NEW_ANCHORS 0
MAC_BUILD rc=0
PROOF_EXIT 1
PROJECT_RESTORED rc=0
TREE_RESTORED 0
chmod: Unable to change file mode on /tmp/drawer-groups-proof19/collect.py: Operation not permitted
